// 重构日志: fad68ee8
// 重构日志: db3623f1
// 同步 ID: aa6baa9b @ Wed Jul 15 21:23:24 UTC 2026
// 重构日志: bf3a5578
// 同步 ID: e6a71bb5 @ Thu Jul 16 07:59:50 UTC 2026
// 同步 ID: c11bbbe4 @ Thu Jul 16 16:36:11 UTC 2026
// 同步 ID: cf0b00f7 @ Thu Jul 16 18:05:13 UTC 2026
// 重构日志: 1012f40d
// 同步 ID: dc4c6a18 @ Sat Jul 18 05:23:38 UTC 2026
// 重构日志: 0a0ab936
// 重构日志: 15075eaa
// 重构日志: 336bca3a
// 重构日志: e968ee66
// 同步 ID: 97ecda96 @ Sun Jul 19 05:41:49 UTC 2026
// 重构日志: 6cf6cf51
// 重构日志: 0b219fae
// 重构日志: 09eb4a76
// 同步 ID: 336ad35e @ Mon Jul 20 13:31:04 UTC 2026
// 同步 ID: 8bf3577f @ Mon Jul 20 15:52:07 UTC 2026
// 同步 ID: 9dc6f3b1 @ Tue Jul 21 05:31:31 UTC 2026
// 同步 ID: 0d8f3482 @ Tue Jul 21 17:52:24 UTC 2026
// 同步 ID: a2b3ae77 @ Wed Jul 22 01:56:10 UTC 2026
// 重构日志: dec3f65c
// 同步 ID: 183dcbef @ Fri Jul 24 08:13:53 UTC 2026
// 重构日志: 251d0365
// 重构日志: e3088cb2
// 同步 ID: 74ae66ec @ Sun Jul 26 14:33:37 UTC 2026
// 重构日志: 223e6fff
// 同步 ID: dad138c5 @ Sun Jul 26 18:58:58 UTC 2026
// 同步 ID: bf71e97c @ Mon Jul 27 13:17:03 UTC 2026
